MPLINK 5.09, LINKER
Linker Map File - Created Mon May 26 19:08:33 2025

                                 Section Info
                  Section       Type    Address   Location Size(Bytes)
                ---------  ---------  ---------  ---------  ---------
                   .org_0       code   0x000000    program   0x000002
                   .cinit    romdata   0x000001    program   0x000004
                   .org_1       code   0x000004    program   0x000002
                   .org_2       code   0x000005    program   0x000066
.config_2007_BUILD/DEFAULT/PRODUCTION/EJ.4.4.       code   0x002007    program   0x000002



                              Program Memory Usage 
                               Start         End      
                           ---------   ---------      
                            0x000000    0x000002      
                            0x000004    0x000037      
                            0x002007    0x002007      
            56 out of 8455 program addresses used, program memory utilization is 0%



                              Symbols - Sorted by Name
                     Name    Address   Location    Storage File                     
                ---------  ---------  ---------  --------- ---------                
                    DELAY   0x00001b    program     static C:\Users\Usuario\Desktop\facu\Cuarto Año\Ejercicios.X\EJ.4.4.asm
                   ESPERA   0x00001a    program     static C:\Users\Usuario\Desktop\facu\Cuarto Año\Ejercicios.X\EJ.4.4.asm
                  FIN_ISR   0x000032    program     static C:\Users\Usuario\Desktop\facu\Cuarto Año\Ejercicios.X\EJ.4.4.asm
                   INICIO   0x000005    program     static C:\Users\Usuario\Desktop\facu\Cuarto Año\Ejercicios.X\EJ.4.4.asm
                      ISR   0x000028    program     static C:\Users\Usuario\Desktop\facu\Cuarto Año\Ejercicios.X\EJ.4.4.asm
                     RET1   0x00001b    program     static C:\Users\Usuario\Desktop\facu\Cuarto Año\Ejercicios.X\EJ.4.4.asm
                     RET2   0x00001f    program     static C:\Users\Usuario\Desktop\facu\Cuarto Año\Ejercicios.X\EJ.4.4.asm
                     RET3   0x000023    program     static C:\Users\Usuario\Desktop\facu\Cuarto Año\Ejercicios.X\EJ.4.4.asm



                              Symbols - Sorted by Address
                     Name    Address   Location    Storage File                     
                ---------  ---------  ---------  --------- ---------                
                   INICIO   0x000005    program     static C:\Users\Usuario\Desktop\facu\Cuarto Año\Ejercicios.X\EJ.4.4.asm
                   ESPERA   0x00001a    program     static C:\Users\Usuario\Desktop\facu\Cuarto Año\Ejercicios.X\EJ.4.4.asm
                    DELAY   0x00001b    program     static C:\Users\Usuario\Desktop\facu\Cuarto Año\Ejercicios.X\EJ.4.4.asm
                     RET1   0x00001b    program     static C:\Users\Usuario\Desktop\facu\Cuarto Año\Ejercicios.X\EJ.4.4.asm
                     RET2   0x00001f    program     static C:\Users\Usuario\Desktop\facu\Cuarto Año\Ejercicios.X\EJ.4.4.asm
                     RET3   0x000023    program     static C:\Users\Usuario\Desktop\facu\Cuarto Año\Ejercicios.X\EJ.4.4.asm
                      ISR   0x000028    program     static C:\Users\Usuario\Desktop\facu\Cuarto Año\Ejercicios.X\EJ.4.4.asm
                  FIN_ISR   0x000032    program     static C:\Users\Usuario\Desktop\facu\Cuarto Año\Ejercicios.X\EJ.4.4.asm


